AutoDock Vina v1.2.5
#################################################################
# If you used AutoDock Vina in your work, please cite:          #
#                                                               #
# J. Eberhardt, D. Santos-Martins, A. F. Tillack, and S. Forli  #
# AutoDock Vina 1.2.0: New Docking Methods, Expanded Force      #
# Field, and Python Bindings, J. Chem. Inf. Model. (2021)       #
# DOI 10.1021/acs.jcim.1c00203                                  #
#                                                               #
# O. Trott, A. J. Olson,                                        #
# AutoDock Vina: improving the speed and accuracy of docking    #
# with a new scoring function, efficient optimization and       #
# multithreading, J. Comp. Chem. (2010)                         #
# DOI 10.1002/jcc.21334                                         #
#                                                               #
# Please see https://github.com/ccsb-scripps/AutoDock-Vina for  #
# more information.                                             #
#################################################################

Scoring function : vina
Rigid receptor: scripts/docking_top30/receptors/mapk1.pdbqt
Ligand: scripts/docking_top30/ligands_pdbqt/mapk1/MAPK1_r13_cid861370.pdbqt
Grid center: X 22.535 Y 71.198 Z 23.695
Grid size  : X 34.622 Y 40.653 Z 32.936
Grid space : 0.375
Exhaustiveness: 16
CPU: 4
Verbosity: 1

WARNING: Search space volume is greater than 27000 Angstrom^3 (See FAQ)
Computing Vina grid ... done.
Performing docking (random seed: -1664180654) ... 
0%   10   20   30   40   50   60   70   80   90   100%
|----|----|----|----|----|----|----|----|----|----|
***************************************************

mode |   affinity | dist from best mode
     | (kcal/mol) | rmsd l.b.| rmsd u.b.
-----+------------+----------+----------
   1       -8.464          0          0
   2       -8.386      5.383      7.273
   3        -8.13        3.2      6.069
   4        -8.04     0.9051       2.11
   5       -7.967      1.556      2.811
   6        -7.96       4.82      8.002
   7       -7.914       1.96      2.924
   8       -7.803          3      4.689
   9       -7.739      3.651      5.103
  10       -7.671      1.822      2.575
