AutoDock Vina v1.2.5
#################################################################
# If you used AutoDock Vina in your work, please cite:          #
#                                                               #
# J. Eberhardt, D. Santos-Martins, A. F. Tillack, and S. Forli  #
# AutoDock Vina 1.2.0: New Docking Methods, Expanded Force      #
# Field, and Python Bindings, J. Chem. Inf. Model. (2021)       #
# DOI 10.1021/acs.jcim.1c00203                                  #
#                                                               #
# O. Trott, A. J. Olson,                                        #
# AutoDock Vina: improving the speed and accuracy of docking    #
# with a new scoring function, efficient optimization and       #
# multithreading, J. Comp. Chem. (2010)                         #
# DOI 10.1002/jcc.21334                                         #
#                                                               #
# Please see https://github.com/ccsb-scripps/AutoDock-Vina for  #
# more information.                                             #
#################################################################

Scoring function : vina
Rigid receptor: scripts/docking_top30/receptors/mapk1.pdbqt
Ligand: scripts/docking_top30/ligands_pdbqt/mapk1/MAPK1_r14_cid4239728.pdbqt
Grid center: X 22.535 Y 71.198 Z 23.695
Grid size  : X 34.622 Y 40.653 Z 32.936
Grid space : 0.375
Exhaustiveness: 16
CPU: 4
Verbosity: 1

WARNING: Search space volume is greater than 27000 Angstrom^3 (See FAQ)
Computing Vina grid ... done.
Performing docking (random seed: 531448924) ... 
0%   10   20   30   40   50   60   70   80   90   100%
|----|----|----|----|----|----|----|----|----|----|
***************************************************

mode |   affinity | dist from best mode
     | (kcal/mol) | rmsd l.b.| rmsd u.b.
-----+------------+----------+----------
   1       -9.975          0          0
   2       -9.703       1.77      7.469
   3       -9.413      1.803      7.616
   4       -9.222      4.089      6.307
   5       -9.085      4.611      7.301
   6       -8.987      2.903       8.27
   7       -8.936      3.483      7.975
   8       -8.935      1.915      6.952
   9       -8.721       2.43      4.399
  10       -8.667      2.372      7.615
