AutoDock Vina v1.2.5
#################################################################
# If you used AutoDock Vina in your work, please cite:          #
#                                                               #
# J. Eberhardt, D. Santos-Martins, A. F. Tillack, and S. Forli  #
# AutoDock Vina 1.2.0: New Docking Methods, Expanded Force      #
# Field, and Python Bindings, J. Chem. Inf. Model. (2021)       #
# DOI 10.1021/acs.jcim.1c00203                                  #
#                                                               #
# O. Trott, A. J. Olson,                                        #
# AutoDock Vina: improving the speed and accuracy of docking    #
# with a new scoring function, efficient optimization and       #
# multithreading, J. Comp. Chem. (2010)                         #
# DOI 10.1002/jcc.21334                                         #
#                                                               #
# Please see https://github.com/ccsb-scripps/AutoDock-Vina for  #
# more information.                                             #
#################################################################

Scoring function : vina
Rigid receptor: scripts/docking_top30/receptors/mapk1.pdbqt
Ligand: scripts/docking_top30/ligands_pdbqt/mapk1/MAPK1_r26_cid850001.pdbqt
Grid center: X 22.535 Y 71.198 Z 23.695
Grid size  : X 34.622 Y 40.653 Z 32.936
Grid space : 0.375
Exhaustiveness: 16
CPU: 4
Verbosity: 1

WARNING: Search space volume is greater than 27000 Angstrom^3 (See FAQ)
Computing Vina grid ... done.
Performing docking (random seed: -1815180454) ... 
0%   10   20   30   40   50   60   70   80   90   100%
|----|----|----|----|----|----|----|----|----|----|
***************************************************

mode |   affinity | dist from best mode
     | (kcal/mol) | rmsd l.b.| rmsd u.b.
-----+------------+----------+----------
   1       -8.202          0          0
   2       -7.946     0.9121      2.009
   3       -7.165      1.409      2.885
   4       -7.064      2.522       3.59
   5       -6.974      2.607      3.233
   6       -6.936      1.681      3.523
   7       -6.785      2.273      3.157
   8       -6.723      3.135      4.404
   9       -6.463      3.007      4.801
  10       -6.266      17.68       21.3
