AutoDock Vina v1.2.5
#################################################################
# If you used AutoDock Vina in your work, please cite:          #
#                                                               #
# J. Eberhardt, D. Santos-Martins, A. F. Tillack, and S. Forli  #
# AutoDock Vina 1.2.0: New Docking Methods, Expanded Force      #
# Field, and Python Bindings, J. Chem. Inf. Model. (2021)       #
# DOI 10.1021/acs.jcim.1c00203                                  #
#                                                               #
# O. Trott, A. J. Olson,                                        #
# AutoDock Vina: improving the speed and accuracy of docking    #
# with a new scoring function, efficient optimization and       #
# multithreading, J. Comp. Chem. (2010)                         #
# DOI 10.1002/jcc.21334                                         #
#                                                               #
# Please see https://github.com/ccsb-scripps/AutoDock-Vina for  #
# more information.                                             #
#################################################################

Scoring function : vina
Rigid receptor: scripts/docking_top30/receptors/pkm2.pdbqt
Ligand: scripts/docking_top30/ligands_pdbqt/pkm2/PKM2_r18_cid49643082.pdbqt
Grid center: X 1.558 Y -12.069 Z 46.389
Grid size  : X 32.641 Y 40.059 Z 35.962
Grid space : 0.375
Exhaustiveness: 16
CPU: 4
Verbosity: 1

WARNING: Search space volume is greater than 27000 Angstrom^3 (See FAQ)
Computing Vina grid ... done.
Performing docking (random seed: -698075554) ... 
0%   10   20   30   40   50   60   70   80   90   100%
|----|----|----|----|----|----|----|----|----|----|
***************************************************

mode |   affinity | dist from best mode
     | (kcal/mol) | rmsd l.b.| rmsd u.b.
-----+------------+----------+----------
   1       -9.807          0          0
   2       -9.752      3.848      5.666
   3       -9.405       2.98      5.578
   4       -9.387      3.637      5.357
   5       -9.386      3.009      4.989
   6       -9.324      3.202      4.749
   7       -9.259      2.484      6.005
   8       -9.232      5.461      7.471
   9       -9.217      4.113      6.646
  10       -9.159      6.351       7.87
