AutoDock Vina v1.2.5
#################################################################
# If you used AutoDock Vina in your work, please cite:          #
#                                                               #
# J. Eberhardt, D. Santos-Martins, A. F. Tillack, and S. Forli  #
# AutoDock Vina 1.2.0: New Docking Methods, Expanded Force      #
# Field, and Python Bindings, J. Chem. Inf. Model. (2021)       #
# DOI 10.1021/acs.jcim.1c00203                                  #
#                                                               #
# O. Trott, A. J. Olson,                                        #
# AutoDock Vina: improving the speed and accuracy of docking    #
# with a new scoring function, efficient optimization and       #
# multithreading, J. Comp. Chem. (2010)                         #
# DOI 10.1002/jcc.21334                                         #
#                                                               #
# Please see https://github.com/ccsb-scripps/AutoDock-Vina for  #
# more information.                                             #
#################################################################

Scoring function : vina
Rigid receptor: scripts/docking_top30/receptors/pkm2.pdbqt
Ligand: scripts/docking_top30/ligands_pdbqt/pkm2/PKM2_r20_cid14733227.pdbqt
Grid center: X 1.558 Y -12.069 Z 46.389
Grid size  : X 32.641 Y 40.059 Z 35.962
Grid space : 0.375
Exhaustiveness: 16
CPU: 4
Verbosity: 1

WARNING: Search space volume is greater than 27000 Angstrom^3 (See FAQ)
Computing Vina grid ... done.
Performing docking (random seed: -1784608975) ... 
0%   10   20   30   40   50   60   70   80   90   100%
|----|----|----|----|----|----|----|----|----|----|
***************************************************

mode |   affinity | dist from best mode
     | (kcal/mol) | rmsd l.b.| rmsd u.b.
-----+------------+----------+----------
   1       -9.342          0          0
   2       -9.243       3.35      6.812
   3       -9.113      2.947      4.268
   4        -8.67      3.831      6.507
   5       -8.598      4.219      7.306
   6        -8.41      3.611      6.631
   7       -8.342      2.726      4.618
   8       -8.283      4.117      6.018
   9       -8.177      14.67      15.83
  10       -8.006      17.25       18.3
