AutoDock Vina v1.2.5
#################################################################
# If you used AutoDock Vina in your work, please cite:          #
#                                                               #
# J. Eberhardt, D. Santos-Martins, A. F. Tillack, and S. Forli  #
# AutoDock Vina 1.2.0: New Docking Methods, Expanded Force      #
# Field, and Python Bindings, J. Chem. Inf. Model. (2021)       #
# DOI 10.1021/acs.jcim.1c00203                                  #
#                                                               #
# O. Trott, A. J. Olson,                                        #
# AutoDock Vina: improving the speed and accuracy of docking    #
# with a new scoring function, efficient optimization and       #
# multithreading, J. Comp. Chem. (2010)                         #
# DOI 10.1002/jcc.21334                                         #
#                                                               #
# Please see https://github.com/ccsb-scripps/AutoDock-Vina for  #
# more information.                                             #
#################################################################

Scoring function : vina
Rigid receptor: scripts/docking_top30/receptors/pkm2.pdbqt
Ligand: scripts/docking_top30/ligands_pdbqt/pkm2/PKM2_r01_cid7966421.pdbqt
Grid center: X 1.558 Y -12.069 Z 46.389
Grid size  : X 32.641 Y 40.059 Z 35.962
Grid space : 0.375
Exhaustiveness: 16
CPU: 4
Verbosity: 1

WARNING: Search space volume is greater than 27000 Angstrom^3 (See FAQ)
Computing Vina grid ... done.
Performing docking (random seed: -598349568) ... 
0%   10   20   30   40   50   60   70   80   90   100%
|----|----|----|----|----|----|----|----|----|----|
***************************************************

mode |   affinity | dist from best mode
     | (kcal/mol) | rmsd l.b.| rmsd u.b.
-----+------------+----------+----------
   1       -9.534          0          0
   2       -9.436      4.493      7.034
   3       -9.419      2.753      6.777
   4       -9.356      4.222       6.49
   5       -9.286      3.669      6.094
   6       -9.271      1.739      2.537
   7       -9.124      4.601      6.021
   8       -9.031       4.28      5.467
   9       -8.998      4.446      5.638
  10        -8.93      3.889      5.083
