AutoDock Vina v1.2.5
#################################################################
# If you used AutoDock Vina in your work, please cite:          #
#                                                               #
# J. Eberhardt, D. Santos-Martins, A. F. Tillack, and S. Forli  #
# AutoDock Vina 1.2.0: New Docking Methods, Expanded Force      #
# Field, and Python Bindings, J. Chem. Inf. Model. (2021)       #
# DOI 10.1021/acs.jcim.1c00203                                  #
#                                                               #
# O. Trott, A. J. Olson,                                        #
# AutoDock Vina: improving the speed and accuracy of docking    #
# with a new scoring function, efficient optimization and       #
# multithreading, J. Comp. Chem. (2010)                         #
# DOI 10.1002/jcc.21334                                         #
#                                                               #
# Please see https://github.com/ccsb-scripps/AutoDock-Vina for  #
# more information.                                             #
#################################################################

Scoring function : vina
Rigid receptor: scripts/docking_top30/receptors/pkm2.pdbqt
Ligand: scripts/docking_top30/ligands_pdbqt/pkm2/PKM2_r17_cid51086450.pdbqt
Grid center: X 1.558 Y -12.069 Z 46.389
Grid size  : X 32.641 Y 40.059 Z 35.962
Grid space : 0.375
Exhaustiveness: 16
CPU: 4
Verbosity: 1

WARNING: Search space volume is greater than 27000 Angstrom^3 (See FAQ)
Computing Vina grid ... done.
Performing docking (random seed: 651987711) ... 
0%   10   20   30   40   50   60   70   80   90   100%
|----|----|----|----|----|----|----|----|----|----|
***************************************************

mode |   affinity | dist from best mode
     | (kcal/mol) | rmsd l.b.| rmsd u.b.
-----+------------+----------+----------
   1       -8.657          0          0
   2       -8.559      3.193      6.972
   3       -8.556       3.94      7.184
   4       -8.545      3.934       6.53
   5       -8.387      2.891      6.884
   6       -8.363      3.632      7.077
   7        -8.16      3.241       6.78
   8       -8.096      2.368      4.949
   9       -8.081      2.293      6.013
  10        -7.89       3.62      6.186
