AutoDock Vina v1.2.5
#################################################################
# If you used AutoDock Vina in your work, please cite:          #
#                                                               #
# J. Eberhardt, D. Santos-Martins, A. F. Tillack, and S. Forli  #
# AutoDock Vina 1.2.0: New Docking Methods, Expanded Force      #
# Field, and Python Bindings, J. Chem. Inf. Model. (2021)       #
# DOI 10.1021/acs.jcim.1c00203                                  #
#                                                               #
# O. Trott, A. J. Olson,                                        #
# AutoDock Vina: improving the speed and accuracy of docking    #
# with a new scoring function, efficient optimization and       #
# multithreading, J. Comp. Chem. (2010)                         #
# DOI 10.1002/jcc.21334                                         #
#                                                               #
# Please see https://github.com/ccsb-scripps/AutoDock-Vina for  #
# more information.                                             #
#################################################################

Scoring function : vina
Rigid receptor: scripts/docking/receptors/mapk1.pdbqt
Ligand: scripts/docking/ligands_pdbqt/mapk1/MAPK1_r07_cid863449.pdbqt
Grid center: X 22.535 Y 71.198 Z 23.695
Grid size  : X 34.622 Y 40.653 Z 32.936
Grid space : 0.375
Exhaustiveness: 16
CPU: 4
Verbosity: 1

WARNING: Search space volume is greater than 27000 Angstrom^3 (See FAQ)
Computing Vina grid ... done.
Performing docking (random seed: -1605765851) ... 
0%   10   20   30   40   50   60   70   80   90   100%
|----|----|----|----|----|----|----|----|----|----|
***************************************************

mode |   affinity | dist from best mode
     | (kcal/mol) | rmsd l.b.| rmsd u.b.
-----+------------+----------+----------
   1       -7.382          0          0
   2       -7.211      2.585      4.158
   3       -7.156      2.889      5.541
   4       -7.118      2.547      3.603
   5       -7.059      3.403      6.087
   6       -6.958      3.173      5.114
   7       -6.907      3.084      4.745
   8       -6.865      3.301      5.289
   9       -6.843      3.052      5.059
  10       -6.818      3.063      4.434
