AutoDock Vina v1.2.5
#################################################################
# If you used AutoDock Vina in your work, please cite:          #
#                                                               #
# J. Eberhardt, D. Santos-Martins, A. F. Tillack, and S. Forli  #
# AutoDock Vina 1.2.0: New Docking Methods, Expanded Force      #
# Field, and Python Bindings, J. Chem. Inf. Model. (2021)       #
# DOI 10.1021/acs.jcim.1c00203                                  #
#                                                               #
# O. Trott, A. J. Olson,                                        #
# AutoDock Vina: improving the speed and accuracy of docking    #
# with a new scoring function, efficient optimization and       #
# multithreading, J. Comp. Chem. (2010)                         #
# DOI 10.1002/jcc.21334                                         #
#                                                               #
# Please see https://github.com/ccsb-scripps/AutoDock-Vina for  #
# more information.                                             #
#################################################################

Scoring function : vina
Rigid receptor: scripts/docking/receptors/mapk1.pdbqt
Ligand: scripts/docking/ligands_pdbqt/mapk1/MAPK1_r04_cid849019.pdbqt
Grid center: X 22.535 Y 71.198 Z 23.695
Grid size  : X 34.622 Y 40.653 Z 32.936
Grid space : 0.375
Exhaustiveness: 16
CPU: 4
Verbosity: 1

WARNING: Search space volume is greater than 27000 Angstrom^3 (See FAQ)
Computing Vina grid ... done.
Performing docking (random seed: -1873259092) ... 
0%   10   20   30   40   50   60   70   80   90   100%
|----|----|----|----|----|----|----|----|----|----|
***************************************************

mode |   affinity | dist from best mode
     | (kcal/mol) | rmsd l.b.| rmsd u.b.
-----+------------+----------+----------
   1       -6.833          0          0
   2       -6.329      3.077      5.025
   3        -6.24      3.123      5.156
   4       -6.166      3.086      5.427
   5       -6.117      3.452      5.657
   6       -6.062      3.617       5.54
   7       -5.902      1.921      4.217
   8         -5.8      10.53      12.66
   9       -5.737      20.71      23.23
  10       -5.721      21.87      24.38
