AutoDock Vina v1.2.5
#################################################################
# If you used AutoDock Vina in your work, please cite:          #
#                                                               #
# J. Eberhardt, D. Santos-Martins, A. F. Tillack, and S. Forli  #
# AutoDock Vina 1.2.0: New Docking Methods, Expanded Force      #
# Field, and Python Bindings, J. Chem. Inf. Model. (2021)       #
# DOI 10.1021/acs.jcim.1c00203                                  #
#                                                               #
# O. Trott, A. J. Olson,                                        #
# AutoDock Vina: improving the speed and accuracy of docking    #
# with a new scoring function, efficient optimization and       #
# multithreading, J. Comp. Chem. (2010)                         #
# DOI 10.1002/jcc.21334                                         #
#                                                               #
# Please see https://github.com/ccsb-scripps/AutoDock-Vina for  #
# more information.                                             #
#################################################################

Scoring function : vina
Rigid receptor: scripts/docking/receptors/pkm2.pdbqt
Ligand: scripts/docking/ligands_pdbqt/pkm2/PKM2_r06_cid24837285.pdbqt
Grid center: X 1.558 Y -12.069 Z 46.389
Grid size  : X 32.641 Y 40.059 Z 35.962
Grid space : 0.375
Exhaustiveness: 16
CPU: 4
Verbosity: 1

WARNING: Search space volume is greater than 27000 Angstrom^3 (See FAQ)
Computing Vina grid ... done.
Performing docking (random seed: -554099068) ... 
0%   10   20   30   40   50   60   70   80   90   100%
|----|----|----|----|----|----|----|----|----|----|
***************************************************

mode |   affinity | dist from best mode
     | (kcal/mol) | rmsd l.b.| rmsd u.b.
-----+------------+----------+----------
   1       -9.217          0          0
   2       -9.098      3.104      7.348
   3       -8.857      4.097      7.372
   4       -8.811      3.469      7.327
   5       -8.804      4.055      7.496
   6       -8.386      3.133      7.132
   7       -8.271        2.7      3.767
   8        -7.54      14.26      15.37
   9       -7.472      15.38      16.39
  10       -7.464      17.87      18.97
